Test Notation
========================================
1	2	3	4	5	6	7	8
धा	धिन्	धिन्	धा	धा	धिन्	धिन्	धा
x				2			
--------------------
9	10	11	12	13	14	15	16
धा	तिन्	तिन्	ता	ता	धिन्	धिन्	धा
0				3			
--------------------

[Gat]
| सा रे ग म | प ध नि सा | सा नि ध प | म ग रे सा |